// Jest Snapshot v1, https://goo.gl/fbAQLP

exports[`<ImagesLoaded /> should render and work. 1`] = `
<div
  className="images-loaded-container"
>
  <img
    src="img1.jpg"
  />
</div>
`;
